
> alhasanapps@1.0.0 test:print-dialog
> node --experimental-strip-types --test tests/print-dialog.test.ts

(node:33632) [MODULE_TYPELESS_PACKAGE_JSON] Warning: Module type of file:///Users/ilanmochamad/alhasanApps/tests/print-dialog.test.ts is not specified and it doesn't parse as CommonJS.
Reparsing as ES module because module syntax was detected. This incurs a performance overhead.
To eliminate this warning, add "type": "module" to /Users/ilanmochamad/alhasanApps/package.json.
(Use `node --trace-warnings ...` to show where the warning was created)
✔ mengenali exception pembatalan cetak iOS dari nama dan pesan (0.418708ms)
✔ mengenali bentuk CodedError dari bridge native (0.078917ms)
✔ tidak menyembunyikan kegagalan cetak yang sebenarnya (0.054166ms)
✔ mengembalikan hasil normal ketika pencetakan dimulai (0.063ms)
✔ mengubah penutupan dialog menjadi hasil dibatalkan (0.075125ms)
✔ meneruskan kegagalan printer tanpa perubahan (0.517333ms)
ℹ tests 6
ℹ suites 0
ℹ pass 6
ℹ fail 0
ℹ cancelled 0
ℹ skipped 0
ℹ todo 0
ℹ duration_ms 76.3855
