No syntax errors detected in admin/_pengajian_jadwal.php
No syntax errors detected in admin/_pengajian_pertemuan.php
No syntax errors detected in admin/admin_akun.php
No syntax errors detected in admin/admin_guru.php
No syntax errors detected in admin/admin_kamar.php
No syntax errors detected in admin/admin_kelas.php
No syntax errors detected in admin/admin_laporan_absensi.php
No syntax errors detected in admin/admin_master_santri.php
No syntax errors detected in admin/admin_murobi.php
No syntax errors detected in admin/admin_pembimbing.php
No syntax errors detected in admin/admin_pengajian.php
No syntax errors detected in admin/admin_pengurus.php
No syntax errors detected in admin/admin_tahun.php
No syntax errors detected in admin/admin_wali.php
No syntax errors detected in admin/ubah_password.php
No syntax errors detected in app/Account/AccountRepository.php
No syntax errors detected in app/Account/AccountService.php
No syntax errors detected in app/Account/PerizinanAccountRepository.php
No syntax errors detected in app/Account/PerizinanAccountService.php
No syntax errors detected in app/MasterData/MasterDataRepository.php
No syntax errors detected in app/MasterData/MasterDataService.php
No syntax errors detected in app/Ui/Layout.php
No syntax errors detected in app/Ui/functions.php
No syntax errors detected in portal/izin_aksi.php
No syntax errors detected in portal/izin_buat.php
No syntax errors detected in portal/izin_detail.php
No syntax errors detected in tests/perapihan_audit_account_log.php
No syntax errors detected in tests/perapihan_audit_form_feedback.php
No syntax errors detected in tests/perapihan_audit_report_matrix.php
No syntax errors detected in tests/perapihan_audit_ui_fixture.php
No syntax errors detected in tests/perapihan_audit_wali_long_list.php
No syntax errors detected in tests/v2_phase1_static.php
Total lint PHP: 32, gagal: 0
