[lulus] sbx_admin/santri/Semua/2026-06-01..2026-06-15/class count=30 service+screen+CSV+print
[lulus] sbx_admin/santri/Semua/2026-06-01..2026-06-15/year count=30 service+screen+CSV+print
[lulus] sbx_admin/santri/Semua/2026-06-01..2026-06-15/schedule count=15 service+screen+CSV+print
[lulus] sbx_admin/santri/Semua/2026-06-01..2026-06-15/teacher count=15 service+screen+CSV+print
[lulus] sbx_admin/santri/Semua/2026-06-08..2026-06-08/class count=10 service+screen+CSV+print
[lulus] sbx_admin/santri/Semua/2026-06-08..2026-06-08/year count=10 service+screen+CSV+print
[lulus] sbx_admin/santri/Semua/2026-06-08..2026-06-08/schedule count=5 service+screen+CSV+print
[lulus] sbx_admin/santri/Semua/2026-06-08..2026-06-08/teacher count=5 service+screen+CSV+print
[lulus] sbx_admin/santri/Semua/2026-06-16..2026-06-16/class count=0 service+screen+CSV+print
[lulus] sbx_admin/santri/Semua/2026-06-16..2026-06-16/year count=0 service+screen+CSV+print
[lulus] sbx_admin/santri/Semua/2026-06-16..2026-06-16/schedule count=0 service+screen+CSV+print
[lulus] sbx_admin/santri/Semua/2026-06-16..2026-06-16/teacher count=0 service+screen+CSV+print
[lulus] sbx_admin/santri/Hadir/2026-06-01..2026-06-15/class count=6 service+screen+CSV+print
[lulus] sbx_admin/santri/Hadir/2026-06-01..2026-06-15/year count=6 service+screen+CSV+print
[lulus] sbx_admin/santri/Hadir/2026-06-01..2026-06-15/schedule count=3 service+screen+CSV+print
[lulus] sbx_admin/santri/Hadir/2026-06-01..2026-06-15/teacher count=3 service+screen+CSV+print
[lulus] sbx_admin/santri/Hadir/2026-06-08..2026-06-08/class count=2 service+screen+CSV+print
[lulus] sbx_admin/santri/Hadir/2026-06-08..2026-06-08/year count=2 service+screen+CSV+print
[lulus] sbx_admin/santri/Hadir/2026-06-08..2026-06-08/schedule count=1 service+screen+CSV+print
[lulus] sbx_admin/santri/Hadir/2026-06-08..2026-06-08/teacher count=1 service+screen+CSV+print
[lulus] sbx_admin/santri/Hadir/2026-06-16..2026-06-16/class count=0 service+screen+CSV+print
[lulus] sbx_admin/santri/Hadir/2026-06-16..2026-06-16/year count=0 service+screen+CSV+print
[lulus] sbx_admin/santri/Hadir/2026-06-16..2026-06-16/schedule count=0 service+screen+CSV+print
[lulus] sbx_admin/santri/Hadir/2026-06-16..2026-06-16/teacher count=0 service+screen+CSV+print
[lulus] sbx_admin/santri/Terlambat/2026-06-01..2026-06-15/class count=6 service+screen+CSV+print
[lulus] sbx_admin/santri/Terlambat/2026-06-01..2026-06-15/year count=6 service+screen+CSV+print
[lulus] sbx_admin/santri/Terlambat/2026-06-01..2026-06-15/schedule count=3 service+screen+CSV+print
[lulus] sbx_admin/santri/Terlambat/2026-06-01..2026-06-15/teacher count=3 service+screen+CSV+print
[lulus] sbx_admin/santri/Terlambat/2026-06-08..2026-06-08/class count=2 service+screen+CSV+print
[lulus] sbx_admin/santri/Terlambat/2026-06-08..2026-06-08/year count=2 service+screen+CSV+print
[lulus] sbx_admin/santri/Terlambat/2026-06-08..2026-06-08/schedule count=1 service+screen+CSV+print
[lulus] sbx_admin/santri/Terlambat/2026-06-08..2026-06-08/teacher count=1 service+screen+CSV+print
[lulus] sbx_admin/santri/Terlambat/2026-06-16..2026-06-16/class count=0 service+screen+CSV+print
[lulus] sbx_admin/santri/Terlambat/2026-06-16..2026-06-16/year count=0 service+screen+CSV+print
[lulus] sbx_admin/santri/Terlambat/2026-06-16..2026-06-16/schedule count=0 service+screen+CSV+print
[lulus] sbx_admin/santri/Terlambat/2026-06-16..2026-06-16/teacher count=0 service+screen+CSV+print
[lulus] sbx_admin/santri/Izin/2026-06-01..2026-06-15/class count=6 service+screen+CSV+print
[lulus] sbx_admin/santri/Izin/2026-06-01..2026-06-15/year count=6 service+screen+CSV+print
[lulus] sbx_admin/santri/Izin/2026-06-01..2026-06-15/schedule count=3 service+screen+CSV+print
[lulus] sbx_admin/santri/Izin/2026-06-01..2026-06-15/teacher count=3 service+screen+CSV+print
[lulus] sbx_admin/santri/Izin/2026-06-08..2026-06-08/class count=2 service+screen+CSV+print
[lulus] sbx_admin/santri/Izin/2026-06-08..2026-06-08/year count=2 service+screen+CSV+print
[lulus] sbx_admin/santri/Izin/2026-06-08..2026-06-08/schedule count=1 service+screen+CSV+print
[lulus] sbx_admin/santri/Izin/2026-06-08..2026-06-08/teacher count=1 service+screen+CSV+print
[lulus] sbx_admin/santri/Izin/2026-06-16..2026-06-16/class count=0 service+screen+CSV+print
[lulus] sbx_admin/santri/Izin/2026-06-16..2026-06-16/year count=0 service+screen+CSV+print
[lulus] sbx_admin/santri/Izin/2026-06-16..2026-06-16/schedule count=0 service+screen+CSV+print
[lulus] sbx_admin/santri/Izin/2026-06-16..2026-06-16/teacher count=0 service+screen+CSV+print
[lulus] sbx_admin/santri/Sakit/2026-06-01..2026-06-15/class count=6 service+screen+CSV+print
[lulus] sbx_admin/santri/Sakit/2026-06-01..2026-06-15/year count=6 service+screen+CSV+print
[lulus] sbx_admin/santri/Sakit/2026-06-01..2026-06-15/schedule count=3 service+screen+CSV+print
[lulus] sbx_admin/santri/Sakit/2026-06-01..2026-06-15/teacher count=3 service+screen+CSV+print
[lulus] sbx_admin/santri/Sakit/2026-06-08..2026-06-08/class count=2 service+screen+CSV+print
[lulus] sbx_admin/santri/Sakit/2026-06-08..2026-06-08/year count=2 service+screen+CSV+print
[lulus] sbx_admin/santri/Sakit/2026-06-08..2026-06-08/schedule count=1 service+screen+CSV+print
[lulus] sbx_admin/santri/Sakit/2026-06-08..2026-06-08/teacher count=1 service+screen+CSV+print
[lulus] sbx_admin/santri/Sakit/2026-06-16..2026-06-16/class count=0 service+screen+CSV+print
[lulus] sbx_admin/santri/Sakit/2026-06-16..2026-06-16/year count=0 service+screen+CSV+print
[lulus] sbx_admin/santri/Sakit/2026-06-16..2026-06-16/schedule count=0 service+screen+CSV+print
[lulus] sbx_admin/santri/Sakit/2026-06-16..2026-06-16/teacher count=0 service+screen+CSV+print
[lulus] sbx_admin/santri/Alpa/2026-06-01..2026-06-15/class count=6 service+screen+CSV+print
[lulus] sbx_admin/santri/Alpa/2026-06-01..2026-06-15/year count=6 service+screen+CSV+print
[lulus] sbx_admin/santri/Alpa/2026-06-01..2026-06-15/schedule count=3 service+screen+CSV+print
[lulus] sbx_admin/santri/Alpa/2026-06-01..2026-06-15/teacher count=3 service+screen+CSV+print
[lulus] sbx_admin/santri/Alpa/2026-06-08..2026-06-08/class count=2 service+screen+CSV+print
[lulus] sbx_admin/santri/Alpa/2026-06-08..2026-06-08/year count=2 service+screen+CSV+print
[lulus] sbx_admin/santri/Alpa/2026-06-08..2026-06-08/schedule count=1 service+screen+CSV+print
[lulus] sbx_admin/santri/Alpa/2026-06-08..2026-06-08/teacher count=1 service+screen+CSV+print
[lulus] sbx_admin/santri/Alpa/2026-06-16..2026-06-16/class count=0 service+screen+CSV+print
[lulus] sbx_admin/santri/Alpa/2026-06-16..2026-06-16/year count=0 service+screen+CSV+print
[lulus] sbx_admin/santri/Alpa/2026-06-16..2026-06-16/schedule count=0 service+screen+CSV+print
[lulus] sbx_admin/santri/Alpa/2026-06-16..2026-06-16/teacher count=0 service+screen+CSV+print
[lulus] sbx_admin/guru/Semua/2026-06-01..2026-06-15/class count=6 service+screen+CSV+print
[lulus] sbx_admin/guru/Semua/2026-06-01..2026-06-15/year count=6 service+screen+CSV+print
[lulus] sbx_admin/guru/Semua/2026-06-01..2026-06-15/schedule count=3 service+screen+CSV+print
[lulus] sbx_admin/guru/Semua/2026-06-01..2026-06-15/teacher count=3 service+screen+CSV+print
[lulus] sbx_admin/guru/Semua/2026-06-08..2026-06-08/class count=2 service+screen+CSV+print
[lulus] sbx_admin/guru/Semua/2026-06-08..2026-06-08/year count=2 service+screen+CSV+print
[lulus] sbx_admin/guru/Semua/2026-06-08..2026-06-08/schedule count=1 service+screen+CSV+print
[lulus] sbx_admin/guru/Semua/2026-06-08..2026-06-08/teacher count=1 service+screen+CSV+print
[lulus] sbx_admin/guru/Semua/2026-06-16..2026-06-16/class count=0 service+screen+CSV+print
[lulus] sbx_admin/guru/Semua/2026-06-16..2026-06-16/year count=0 service+screen+CSV+print
[lulus] sbx_admin/guru/Semua/2026-06-16..2026-06-16/schedule count=0 service+screen+CSV+print
[lulus] sbx_admin/guru/Semua/2026-06-16..2026-06-16/teacher count=0 service+screen+CSV+print
[lulus] sbx_admin/guru/Hadir/2026-06-01..2026-06-15/class count=1 service+screen+CSV+print
[lulus] sbx_admin/guru/Hadir/2026-06-01..2026-06-15/year count=1 service+screen+CSV+print
[lulus] sbx_admin/guru/Hadir/2026-06-01..2026-06-15/schedule count=1 service+screen+CSV+print
[lulus] sbx_admin/guru/Hadir/2026-06-01..2026-06-15/teacher count=1 service+screen+CSV+print
[lulus] sbx_admin/guru/Hadir/2026-06-08..2026-06-08/class count=0 service+screen+CSV+print
[lulus] sbx_admin/guru/Hadir/2026-06-08..2026-06-08/year count=0 service+screen+CSV+print
[lulus] sbx_admin/guru/Hadir/2026-06-08..2026-06-08/schedule count=0 service+screen+CSV+print
[lulus] sbx_admin/guru/Hadir/2026-06-08..2026-06-08/teacher count=0 service+screen+CSV+print
[lulus] sbx_admin/guru/Hadir/2026-06-16..2026-06-16/class count=0 service+screen+CSV+print
[lulus] sbx_admin/guru/Hadir/2026-06-16..2026-06-16/year count=0 service+screen+CSV+print
[lulus] sbx_admin/guru/Hadir/2026-06-16..2026-06-16/schedule count=0 service+screen+CSV+print
[lulus] sbx_admin/guru/Hadir/2026-06-16..2026-06-16/teacher count=0 service+screen+CSV+print
[lulus] sbx_admin/guru/Terlambat/2026-06-01..2026-06-15/class count=2 service+screen+CSV+print
[lulus] sbx_admin/guru/Terlambat/2026-06-01..2026-06-15/year count=2 service+screen+CSV+print
[lulus] sbx_admin/guru/Terlambat/2026-06-01..2026-06-15/schedule count=1 service+screen+CSV+print
[lulus] sbx_admin/guru/Terlambat/2026-06-01..2026-06-15/teacher count=1 service+screen+CSV+print
[lulus] sbx_admin/guru/Terlambat/2026-06-08..2026-06-08/class count=1 service+screen+CSV+print
[lulus] sbx_admin/guru/Terlambat/2026-06-08..2026-06-08/year count=1 service+screen+CSV+print
[lulus] sbx_admin/guru/Terlambat/2026-06-08..2026-06-08/schedule count=1 service+screen+CSV+print
[lulus] sbx_admin/guru/Terlambat/2026-06-08..2026-06-08/teacher count=1 service+screen+CSV+print
[lulus] sbx_admin/guru/Terlambat/2026-06-16..2026-06-16/class count=0 service+screen+CSV+print
[lulus] sbx_admin/guru/Terlambat/2026-06-16..2026-06-16/year count=0 service+screen+CSV+print
[lulus] sbx_admin/guru/Terlambat/2026-06-16..2026-06-16/schedule count=0 service+screen+CSV+print
[lulus] sbx_admin/guru/Terlambat/2026-06-16..2026-06-16/teacher count=0 service+screen+CSV+print
[lulus] sbx_admin/guru/Izin/2026-06-01..2026-06-15/class count=2 service+screen+CSV+print
[lulus] sbx_admin/guru/Izin/2026-06-01..2026-06-15/year count=2 service+screen+CSV+print
[lulus] sbx_admin/guru/Izin/2026-06-01..2026-06-15/schedule count=1 service+screen+CSV+print
[lulus] sbx_admin/guru/Izin/2026-06-01..2026-06-15/teacher count=1 service+screen+CSV+print
[lulus] sbx_admin/guru/Izin/2026-06-08..2026-06-08/class count=1 service+screen+CSV+print
[lulus] sbx_admin/guru/Izin/2026-06-08..2026-06-08/year count=1 service+screen+CSV+print
[lulus] sbx_admin/guru/Izin/2026-06-08..2026-06-08/schedule count=0 service+screen+CSV+print
[lulus] sbx_admin/guru/Izin/2026-06-08..2026-06-08/teacher count=0 service+screen+CSV+print
[lulus] sbx_admin/guru/Izin/2026-06-16..2026-06-16/class count=0 service+screen+CSV+print
[lulus] sbx_admin/guru/Izin/2026-06-16..2026-06-16/year count=0 service+screen+CSV+print
[lulus] sbx_admin/guru/Izin/2026-06-16..2026-06-16/schedule count=0 service+screen+CSV+print
[lulus] sbx_admin/guru/Izin/2026-06-16..2026-06-16/teacher count=0 service+screen+CSV+print
[lulus] sbx_admin/guru/Sakit/2026-06-01..2026-06-15/class count=1 service+screen+CSV+print
[lulus] sbx_admin/guru/Sakit/2026-06-01..2026-06-15/year count=1 service+screen+CSV+print
[lulus] sbx_admin/guru/Sakit/2026-06-01..2026-06-15/schedule count=0 service+screen+CSV+print
[lulus] sbx_admin/guru/Sakit/2026-06-01..2026-06-15/teacher count=0 service+screen+CSV+print
[lulus] sbx_admin/guru/Sakit/2026-06-08..2026-06-08/class count=0 service+screen+CSV+print
[lulus] sbx_admin/guru/Sakit/2026-06-08..2026-06-08/year count=0 service+screen+CSV+print
[lulus] sbx_admin/guru/Sakit/2026-06-08..2026-06-08/schedule count=0 service+screen+CSV+print
[lulus] sbx_admin/guru/Sakit/2026-06-08..2026-06-08/teacher count=0 service+screen+CSV+print
[lulus] sbx_admin/guru/Sakit/2026-06-16..2026-06-16/class count=0 service+screen+CSV+print
[lulus] sbx_admin/guru/Sakit/2026-06-16..2026-06-16/year count=0 service+screen+CSV+print
[lulus] sbx_admin/guru/Sakit/2026-06-16..2026-06-16/schedule count=0 service+screen+CSV+print
[lulus] sbx_admin/guru/Sakit/2026-06-16..2026-06-16/teacher count=0 service+screen+CSV+print
[lulus] sbx_admin/guru/Alpa/2026-06-01..2026-06-15/class count=0 service+screen+CSV+print
[lulus] sbx_admin/guru/Alpa/2026-06-01..2026-06-15/year count=0 service+screen+CSV+print
[lulus] sbx_admin/guru/Alpa/2026-06-01..2026-06-15/schedule count=0 service+screen+CSV+print
[lulus] sbx_admin/guru/Alpa/2026-06-01..2026-06-15/teacher count=0 service+screen+CSV+print
[lulus] sbx_admin/guru/Alpa/2026-06-08..2026-06-08/class count=0 service+screen+CSV+print
[lulus] sbx_admin/guru/Alpa/2026-06-08..2026-06-08/year count=0 service+screen+CSV+print
[lulus] sbx_admin/guru/Alpa/2026-06-08..2026-06-08/schedule count=0 service+screen+CSV+print
[lulus] sbx_admin/guru/Alpa/2026-06-08..2026-06-08/teacher count=0 service+screen+CSV+print
[lulus] sbx_admin/guru/Alpa/2026-06-16..2026-06-16/class count=0 service+screen+CSV+print
[lulus] sbx_admin/guru/Alpa/2026-06-16..2026-06-16/year count=0 service+screen+CSV+print
[lulus] sbx_admin/guru/Alpa/2026-06-16..2026-06-16/schedule count=0 service+screen+CSV+print
[lulus] sbx_admin/guru/Alpa/2026-06-16..2026-06-16/teacher count=0 service+screen+CSV+print
[lulus] sbx_admin/gabungan/Semua/2026-06-01..2026-06-15/class count=36 service+screen+CSV+print
[lulus] sbx_admin/gabungan/Semua/2026-06-01..2026-06-15/year count=36 service+screen+CSV+print
[lulus] sbx_admin/gabungan/Semua/2026-06-01..2026-06-15/schedule count=18 service+screen+CSV+print
[lulus] sbx_admin/gabungan/Semua/2026-06-01..2026-06-15/teacher count=18 service+screen+CSV+print
[lulus] sbx_admin/gabungan/Semua/2026-06-08..2026-06-08/class count=12 service+screen+CSV+print
[lulus] sbx_admin/gabungan/Semua/2026-06-08..2026-06-08/year count=12 service+screen+CSV+print
[lulus] sbx_admin/gabungan/Semua/2026-06-08..2026-06-08/schedule count=6 service+screen+CSV+print
[lulus] sbx_admin/gabungan/Semua/2026-06-08..2026-06-08/teacher count=6 service+screen+CSV+print
[lulus] sbx_admin/gabungan/Semua/2026-06-16..2026-06-16/class count=0 service+screen+CSV+print
[lulus] sbx_admin/gabungan/Semua/2026-06-16..2026-06-16/year count=0 service+screen+CSV+print
[lulus] sbx_admin/gabungan/Semua/2026-06-16..2026-06-16/schedule count=0 service+screen+CSV+print
[lulus] sbx_admin/gabungan/Semua/2026-06-16..2026-06-16/teacher count=0 service+screen+CSV+print
[lulus] sbx_admin/gabungan/Hadir/2026-06-01..2026-06-15/class count=7 service+screen+CSV+print
[lulus] sbx_admin/gabungan/Hadir/2026-06-01..2026-06-15/year count=7 service+screen+CSV+print
[lulus] sbx_admin/gabungan/Hadir/2026-06-01..2026-06-15/schedule count=4 service+screen+CSV+print
[lulus] sbx_admin/gabungan/Hadir/2026-06-01..2026-06-15/teacher count=4 service+screen+CSV+print
[lulus] sbx_admin/gabungan/Hadir/2026-06-08..2026-06-08/class count=2 service+screen+CSV+print
[lulus] sbx_admin/gabungan/Hadir/2026-06-08..2026-06-08/year count=2 service+screen+CSV+print
[lulus] sbx_admin/gabungan/Hadir/2026-06-08..2026-06-08/schedule count=1 service+screen+CSV+print
[lulus] sbx_admin/gabungan/Hadir/2026-06-08..2026-06-08/teacher count=1 service+screen+CSV+print
[lulus] sbx_admin/gabungan/Hadir/2026-06-16..2026-06-16/class count=0 service+screen+CSV+print
[lulus] sbx_admin/gabungan/Hadir/2026-06-16..2026-06-16/year count=0 service+screen+CSV+print
[lulus] sbx_admin/gabungan/Hadir/2026-06-16..2026-06-16/schedule count=0 service+screen+CSV+print
[lulus] sbx_admin/gabungan/Hadir/2026-06-16..2026-06-16/teacher count=0 service+screen+CSV+print
[lulus] sbx_admin/gabungan/Terlambat/2026-06-01..2026-06-15/class count=8 service+screen+CSV+print
[lulus] sbx_admin/gabungan/Terlambat/2026-06-01..2026-06-15/year count=8 service+screen+CSV+print
[lulus] sbx_admin/gabungan/Terlambat/2026-06-01..2026-06-15/schedule count=4 service+screen+CSV+print
[lulus] sbx_admin/gabungan/Terlambat/2026-06-01..2026-06-15/teacher count=4 service+screen+CSV+print
[lulus] sbx_admin/gabungan/Terlambat/2026-06-08..2026-06-08/class count=3 service+screen+CSV+print
[lulus] sbx_admin/gabungan/Terlambat/2026-06-08..2026-06-08/year count=3 service+screen+CSV+print
[lulus] sbx_admin/gabungan/Terlambat/2026-06-08..2026-06-08/schedule count=2 service+screen+CSV+print
[lulus] sbx_admin/gabungan/Terlambat/2026-06-08..2026-06-08/teacher count=2 service+screen+CSV+print
[lulus] sbx_admin/gabungan/Terlambat/2026-06-16..2026-06-16/class count=0 service+screen+CSV+print
[lulus] sbx_admin/gabungan/Terlambat/2026-06-16..2026-06-16/year count=0 service+screen+CSV+print
[lulus] sbx_admin/gabungan/Terlambat/2026-06-16..2026-06-16/schedule count=0 service+screen+CSV+print
[lulus] sbx_admin/gabungan/Terlambat/2026-06-16..2026-06-16/teacher count=0 service+screen+CSV+print
[lulus] sbx_admin/gabungan/Izin/2026-06-01..2026-06-15/class count=8 service+screen+CSV+print
[lulus] sbx_admin/gabungan/Izin/2026-06-01..2026-06-15/year count=8 service+screen+CSV+print
[lulus] sbx_admin/gabungan/Izin/2026-06-01..2026-06-15/schedule count=4 service+screen+CSV+print
[lulus] sbx_admin/gabungan/Izin/2026-06-01..2026-06-15/teacher count=4 service+screen+CSV+print
[lulus] sbx_admin/gabungan/Izin/2026-06-08..2026-06-08/class count=3 service+screen+CSV+print
[lulus] sbx_admin/gabungan/Izin/2026-06-08..2026-06-08/year count=3 service+screen+CSV+print
[lulus] sbx_admin/gabungan/Izin/2026-06-08..2026-06-08/schedule count=1 service+screen+CSV+print
[lulus] sbx_admin/gabungan/Izin/2026-06-08..2026-06-08/teacher count=1 service+screen+CSV+print
[lulus] sbx_admin/gabungan/Izin/2026-06-16..2026-06-16/class count=0 service+screen+CSV+print
[lulus] sbx_admin/gabungan/Izin/2026-06-16..2026-06-16/year count=0 service+screen+CSV+print
[lulus] sbx_admin/gabungan/Izin/2026-06-16..2026-06-16/schedule count=0 service+screen+CSV+print
[lulus] sbx_admin/gabungan/Izin/2026-06-16..2026-06-16/teacher count=0 service+screen+CSV+print
[lulus] sbx_admin/gabungan/Sakit/2026-06-01..2026-06-15/class count=7 service+screen+CSV+print
[lulus] sbx_admin/gabungan/Sakit/2026-06-01..2026-06-15/year count=7 service+screen+CSV+print
[lulus] sbx_admin/gabungan/Sakit/2026-06-01..2026-06-15/schedule count=3 service+screen+CSV+print
[lulus] sbx_admin/gabungan/Sakit/2026-06-01..2026-06-15/teacher count=3 service+screen+CSV+print
[lulus] sbx_admin/gabungan/Sakit/2026-06-08..2026-06-08/class count=2 service+screen+CSV+print
[lulus] sbx_admin/gabungan/Sakit/2026-06-08..2026-06-08/year count=2 service+screen+CSV+print
[lulus] sbx_admin/gabungan/Sakit/2026-06-08..2026-06-08/schedule count=1 service+screen+CSV+print
[lulus] sbx_admin/gabungan/Sakit/2026-06-08..2026-06-08/teacher count=1 service+screen+CSV+print
[lulus] sbx_admin/gabungan/Sakit/2026-06-16..2026-06-16/class count=0 service+screen+CSV+print
[lulus] sbx_admin/gabungan/Sakit/2026-06-16..2026-06-16/year count=0 service+screen+CSV+print
[lulus] sbx_admin/gabungan/Sakit/2026-06-16..2026-06-16/schedule count=0 service+screen+CSV+print
[lulus] sbx_admin/gabungan/Sakit/2026-06-16..2026-06-16/teacher count=0 service+screen+CSV+print
[lulus] sbx_admin/gabungan/Alpa/2026-06-01..2026-06-15/class count=6 service+screen+CSV+print
[lulus] sbx_admin/gabungan/Alpa/2026-06-01..2026-06-15/year count=6 service+screen+CSV+print
[lulus] sbx_admin/gabungan/Alpa/2026-06-01..2026-06-15/schedule count=3 service+screen+CSV+print
[lulus] sbx_admin/gabungan/Alpa/2026-06-01..2026-06-15/teacher count=3 service+screen+CSV+print
[lulus] sbx_admin/gabungan/Alpa/2026-06-08..2026-06-08/class count=2 service+screen+CSV+print
[lulus] sbx_admin/gabungan/Alpa/2026-06-08..2026-06-08/year count=2 service+screen+CSV+print
[lulus] sbx_admin/gabungan/Alpa/2026-06-08..2026-06-08/schedule count=1 service+screen+CSV+print
[lulus] sbx_admin/gabungan/Alpa/2026-06-08..2026-06-08/teacher count=1 service+screen+CSV+print
[lulus] sbx_admin/gabungan/Alpa/2026-06-16..2026-06-16/class count=0 service+screen+CSV+print
[lulus] sbx_admin/gabungan/Alpa/2026-06-16..2026-06-16/year count=0 service+screen+CSV+print
[lulus] sbx_admin/gabungan/Alpa/2026-06-16..2026-06-16/schedule count=0 service+screen+CSV+print
[lulus] sbx_admin/gabungan/Alpa/2026-06-16..2026-06-16/teacher count=0 service+screen+CSV+print
[lulus] sbx_guru_biasa/santri/Semua/2026-06-01..2026-06-15/class count=15 service+screen+CSV+print
[lulus] sbx_guru_biasa/santri/Semua/2026-06-01..2026-06-15/year count=15 service+screen+CSV+print
[lulus] sbx_guru_biasa/santri/Semua/2026-06-01..2026-06-15/schedule count=15 service+screen+CSV+print
[lulus] sbx_guru_biasa/santri/Semua/2026-06-01..2026-06-15/teacher count=15 service+screen+CSV+print
[lulus] sbx_guru_biasa/santri/Semua/2026-06-08..2026-06-08/class count=5 service+screen+CSV+print
[lulus] sbx_guru_biasa/santri/Semua/2026-06-08..2026-06-08/year count=5 service+screen+CSV+print
[lulus] sbx_guru_biasa/santri/Semua/2026-06-08..2026-06-08/schedule count=5 service+screen+CSV+print
[lulus] sbx_guru_biasa/santri/Semua/2026-06-08..2026-06-08/teacher count=5 service+screen+CSV+print
[lulus] sbx_guru_biasa/santri/Semua/2026-06-16..2026-06-16/class count=0 service+screen+CSV+print
[lulus] sbx_guru_biasa/santri/Semua/2026-06-16..2026-06-16/year count=0 service+screen+CSV+print
[lulus] sbx_guru_biasa/santri/Semua/2026-06-16..2026-06-16/schedule count=0 service+screen+CSV+print
[lulus] sbx_guru_biasa/santri/Semua/2026-06-16..2026-06-16/teacher count=0 service+screen+CSV+print
[lulus] sbx_guru_biasa/santri/Hadir/2026-06-01..2026-06-15/class count=3 service+screen+CSV+print
[lulus] sbx_guru_biasa/santri/Hadir/2026-06-01..2026-06-15/year count=3 service+screen+CSV+print
[lulus] sbx_guru_biasa/santri/Hadir/2026-06-01..2026-06-15/schedule count=3 service+screen+CSV+print
[lulus] sbx_guru_biasa/santri/Hadir/2026-06-01..2026-06-15/teacher count=3 service+screen+CSV+print
[lulus] sbx_guru_biasa/santri/Hadir/2026-06-08..2026-06-08/class count=1 service+screen+CSV+print
[lulus] sbx_guru_biasa/santri/Hadir/2026-06-08..2026-06-08/year count=1 service+screen+CSV+print
[lulus] sbx_guru_biasa/santri/Hadir/2026-06-08..2026-06-08/schedule count=1 service+screen+CSV+print
[lulus] sbx_guru_biasa/santri/Hadir/2026-06-08..2026-06-08/teacher count=1 service+screen+CSV+print
[lulus] sbx_guru_biasa/santri/Hadir/2026-06-16..2026-06-16/class count=0 service+screen+CSV+print
[lulus] sbx_guru_biasa/santri/Hadir/2026-06-16..2026-06-16/year count=0 service+screen+CSV+print
[lulus] sbx_guru_biasa/santri/Hadir/2026-06-16..2026-06-16/schedule count=0 service+screen+CSV+print
[lulus] sbx_guru_biasa/santri/Hadir/2026-06-16..2026-06-16/teacher count=0 service+screen+CSV+print
[lulus] sbx_guru_biasa/santri/Terlambat/2026-06-01..2026-06-15/class count=3 service+screen+CSV+print
[lulus] sbx_guru_biasa/santri/Terlambat/2026-06-01..2026-06-15/year count=3 service+screen+CSV+print
[lulus] sbx_guru_biasa/santri/Terlambat/2026-06-01..2026-06-15/schedule count=3 service+screen+CSV+print
[lulus] sbx_guru_biasa/santri/Terlambat/2026-06-01..2026-06-15/teacher count=3 service+screen+CSV+print
[lulus] sbx_guru_biasa/santri/Terlambat/2026-06-08..2026-06-08/class count=1 service+screen+CSV+print
[lulus] sbx_guru_biasa/santri/Terlambat/2026-06-08..2026-06-08/year count=1 service+screen+CSV+print
[lulus] sbx_guru_biasa/santri/Terlambat/2026-06-08..2026-06-08/schedule count=1 service+screen+CSV+print
[lulus] sbx_guru_biasa/santri/Terlambat/2026-06-08..2026-06-08/teacher count=1 service+screen+CSV+print
[lulus] sbx_guru_biasa/santri/Terlambat/2026-06-16..2026-06-16/class count=0 service+screen+CSV+print
[lulus] sbx_guru_biasa/santri/Terlambat/2026-06-16..2026-06-16/year count=0 service+screen+CSV+print
[lulus] sbx_guru_biasa/santri/Terlambat/2026-06-16..2026-06-16/schedule count=0 service+screen+CSV+print
[lulus] sbx_guru_biasa/santri/Terlambat/2026-06-16..2026-06-16/teacher count=0 service+screen+CSV+print
[lulus] sbx_guru_biasa/santri/Izin/2026-06-01..2026-06-15/class count=3 service+screen+CSV+print
[lulus] sbx_guru_biasa/santri/Izin/2026-06-01..2026-06-15/year count=3 service+screen+CSV+print
[lulus] sbx_guru_biasa/santri/Izin/2026-06-01..2026-06-15/schedule count=3 service+screen+CSV+print
[lulus] sbx_guru_biasa/santri/Izin/2026-06-01..2026-06-15/teacher count=3 service+screen+CSV+print
[lulus] sbx_guru_biasa/santri/Izin/2026-06-08..2026-06-08/class count=1 service+screen+CSV+print
[lulus] sbx_guru_biasa/santri/Izin/2026-06-08..2026-06-08/year count=1 service+screen+CSV+print
[lulus] sbx_guru_biasa/santri/Izin/2026-06-08..2026-06-08/schedule count=1 service+screen+CSV+print
[lulus] sbx_guru_biasa/santri/Izin/2026-06-08..2026-06-08/teacher count=1 service+screen+CSV+print
[lulus] sbx_guru_biasa/santri/Izin/2026-06-16..2026-06-16/class count=0 service+screen+CSV+print
[lulus] sbx_guru_biasa/santri/Izin/2026-06-16..2026-06-16/year count=0 service+screen+CSV+print
[lulus] sbx_guru_biasa/santri/Izin/2026-06-16..2026-06-16/schedule count=0 service+screen+CSV+print
[lulus] sbx_guru_biasa/santri/Izin/2026-06-16..2026-06-16/teacher count=0 service+screen+CSV+print
[lulus] sbx_guru_biasa/santri/Sakit/2026-06-01..2026-06-15/class count=3 service+screen+CSV+print
[lulus] sbx_guru_biasa/santri/Sakit/2026-06-01..2026-06-15/year count=3 service+screen+CSV+print
[lulus] sbx_guru_biasa/santri/Sakit/2026-06-01..2026-06-15/schedule count=3 service+screen+CSV+print
[lulus] sbx_guru_biasa/santri/Sakit/2026-06-01..2026-06-15/teacher count=3 service+screen+CSV+print
[lulus] sbx_guru_biasa/santri/Sakit/2026-06-08..2026-06-08/class count=1 service+screen+CSV+print
[lulus] sbx_guru_biasa/santri/Sakit/2026-06-08..2026-06-08/year count=1 service+screen+CSV+print
[lulus] sbx_guru_biasa/santri/Sakit/2026-06-08..2026-06-08/schedule count=1 service+screen+CSV+print
[lulus] sbx_guru_biasa/santri/Sakit/2026-06-08..2026-06-08/teacher count=1 service+screen+CSV+print
[lulus] sbx_guru_biasa/santri/Sakit/2026-06-16..2026-06-16/class count=0 service+screen+CSV+print
[lulus] sbx_guru_biasa/santri/Sakit/2026-06-16..2026-06-16/year count=0 service+screen+CSV+print
[lulus] sbx_guru_biasa/santri/Sakit/2026-06-16..2026-06-16/schedule count=0 service+screen+CSV+print
[lulus] sbx_guru_biasa/santri/Sakit/2026-06-16..2026-06-16/teacher count=0 service+screen+CSV+print
[lulus] sbx_guru_biasa/santri/Alpa/2026-06-01..2026-06-15/class count=3 service+screen+CSV+print
[lulus] sbx_guru_biasa/santri/Alpa/2026-06-01..2026-06-15/year count=3 service+screen+CSV+print
[lulus] sbx_guru_biasa/santri/Alpa/2026-06-01..2026-06-15/schedule count=3 service+screen+CSV+print
[lulus] sbx_guru_biasa/santri/Alpa/2026-06-01..2026-06-15/teacher count=3 service+screen+CSV+print
[lulus] sbx_guru_biasa/santri/Alpa/2026-06-08..2026-06-08/class count=1 service+screen+CSV+print
[lulus] sbx_guru_biasa/santri/Alpa/2026-06-08..2026-06-08/year count=1 service+screen+CSV+print
[lulus] sbx_guru_biasa/santri/Alpa/2026-06-08..2026-06-08/schedule count=1 service+screen+CSV+print
[lulus] sbx_guru_biasa/santri/Alpa/2026-06-08..2026-06-08/teacher count=1 service+screen+CSV+print
[lulus] sbx_guru_biasa/santri/Alpa/2026-06-16..2026-06-16/class count=0 service+screen+CSV+print
[lulus] sbx_guru_biasa/santri/Alpa/2026-06-16..2026-06-16/year count=0 service+screen+CSV+print
[lulus] sbx_guru_biasa/santri/Alpa/2026-06-16..2026-06-16/schedule count=0 service+screen+CSV+print
[lulus] sbx_guru_biasa/santri/Alpa/2026-06-16..2026-06-16/teacher count=0 service+screen+CSV+print
[lulus] sbx_guru_biasa/guru/Semua/2026-06-01..2026-06-15/class count=3 service+screen+CSV+print
[lulus] sbx_guru_biasa/guru/Semua/2026-06-01..2026-06-15/year count=3 service+screen+CSV+print
[lulus] sbx_guru_biasa/guru/Semua/2026-06-01..2026-06-15/schedule count=3 service+screen+CSV+print
[lulus] sbx_guru_biasa/guru/Semua/2026-06-01..2026-06-15/teacher count=3 service+screen+CSV+print
[lulus] sbx_guru_biasa/guru/Semua/2026-06-08..2026-06-08/class count=1 service+screen+CSV+print
[lulus] sbx_guru_biasa/guru/Semua/2026-06-08..2026-06-08/year count=1 service+screen+CSV+print
[lulus] sbx_guru_biasa/guru/Semua/2026-06-08..2026-06-08/schedule count=1 service+screen+CSV+print
[lulus] sbx_guru_biasa/guru/Semua/2026-06-08..2026-06-08/teacher count=1 service+screen+CSV+print
[lulus] sbx_guru_biasa/guru/Semua/2026-06-16..2026-06-16/class count=0 service+screen+CSV+print
[lulus] sbx_guru_biasa/guru/Semua/2026-06-16..2026-06-16/year count=0 service+screen+CSV+print
[lulus] sbx_guru_biasa/guru/Semua/2026-06-16..2026-06-16/schedule count=0 service+screen+CSV+print
[lulus] sbx_guru_biasa/guru/Semua/2026-06-16..2026-06-16/teacher count=0 service+screen+CSV+print
[lulus] sbx_guru_biasa/guru/Hadir/2026-06-01..2026-06-15/class count=1 service+screen+CSV+print
[lulus] sbx_guru_biasa/guru/Hadir/2026-06-01..2026-06-15/year count=1 service+screen+CSV+print
[lulus] sbx_guru_biasa/guru/Hadir/2026-06-01..2026-06-15/schedule count=1 service+screen+CSV+print
[lulus] sbx_guru_biasa/guru/Hadir/2026-06-01..2026-06-15/teacher count=1 service+screen+CSV+print
[lulus] sbx_guru_biasa/guru/Hadir/2026-06-08..2026-06-08/class count=0 service+screen+CSV+print
[lulus] sbx_guru_biasa/guru/Hadir/2026-06-08..2026-06-08/year count=0 service+screen+CSV+print
[lulus] sbx_guru_biasa/guru/Hadir/2026-06-08..2026-06-08/schedule count=0 service+screen+CSV+print
[lulus] sbx_guru_biasa/guru/Hadir/2026-06-08..2026-06-08/teacher count=0 service+screen+CSV+print
[lulus] sbx_guru_biasa/guru/Hadir/2026-06-16..2026-06-16/class count=0 service+screen+CSV+print
[lulus] sbx_guru_biasa/guru/Hadir/2026-06-16..2026-06-16/year count=0 service+screen+CSV+print
[lulus] sbx_guru_biasa/guru/Hadir/2026-06-16..2026-06-16/schedule count=0 service+screen+CSV+print
[lulus] sbx_guru_biasa/guru/Hadir/2026-06-16..2026-06-16/teacher count=0 service+screen+CSV+print
[lulus] sbx_guru_biasa/guru/Terlambat/2026-06-01..2026-06-15/class count=1 service+screen+CSV+print
[lulus] sbx_guru_biasa/guru/Terlambat/2026-06-01..2026-06-15/year count=1 service+screen+CSV+print
[lulus] sbx_guru_biasa/guru/Terlambat/2026-06-01..2026-06-15/schedule count=1 service+screen+CSV+print
[lulus] sbx_guru_biasa/guru/Terlambat/2026-06-01..2026-06-15/teacher count=1 service+screen+CSV+print
[lulus] sbx_guru_biasa/guru/Terlambat/2026-06-08..2026-06-08/class count=1 service+screen+CSV+print
[lulus] sbx_guru_biasa/guru/Terlambat/2026-06-08..2026-06-08/year count=1 service+screen+CSV+print
[lulus] sbx_guru_biasa/guru/Terlambat/2026-06-08..2026-06-08/schedule count=1 service+screen+CSV+print
[lulus] sbx_guru_biasa/guru/Terlambat/2026-06-08..2026-06-08/teacher count=1 service+screen+CSV+print
[lulus] sbx_guru_biasa/guru/Terlambat/2026-06-16..2026-06-16/class count=0 service+screen+CSV+print
[lulus] sbx_guru_biasa/guru/Terlambat/2026-06-16..2026-06-16/year count=0 service+screen+CSV+print
[lulus] sbx_guru_biasa/guru/Terlambat/2026-06-16..2026-06-16/schedule count=0 service+screen+CSV+print
[lulus] sbx_guru_biasa/guru/Terlambat/2026-06-16..2026-06-16/teacher count=0 service+screen+CSV+print
[lulus] sbx_guru_biasa/guru/Izin/2026-06-01..2026-06-15/class count=1 service+screen+CSV+print
[lulus] sbx_guru_biasa/guru/Izin/2026-06-01..2026-06-15/year count=1 service+screen+CSV+print
[lulus] sbx_guru_biasa/guru/Izin/2026-06-01..2026-06-15/schedule count=1 service+screen+CSV+print
[lulus] sbx_guru_biasa/guru/Izin/2026-06-01..2026-06-15/teacher count=1 service+screen+CSV+print
[lulus] sbx_guru_biasa/guru/Izin/2026-06-08..2026-06-08/class count=0 service+screen+CSV+print
[lulus] sbx_guru_biasa/guru/Izin/2026-06-08..2026-06-08/year count=0 service+screen+CSV+print
[lulus] sbx_guru_biasa/guru/Izin/2026-06-08..2026-06-08/schedule count=0 service+screen+CSV+print
[lulus] sbx_guru_biasa/guru/Izin/2026-06-08..2026-06-08/teacher count=0 service+screen+CSV+print
[lulus] sbx_guru_biasa/guru/Izin/2026-06-16..2026-06-16/class count=0 service+screen+CSV+print
[lulus] sbx_guru_biasa/guru/Izin/2026-06-16..2026-06-16/year count=0 service+screen+CSV+print
[lulus] sbx_guru_biasa/guru/Izin/2026-06-16..2026-06-16/schedule count=0 service+screen+CSV+print
[lulus] sbx_guru_biasa/guru/Izin/2026-06-16..2026-06-16/teacher count=0 service+screen+CSV+print
[lulus] sbx_guru_biasa/guru/Sakit/2026-06-01..2026-06-15/class count=0 service+screen+CSV+print
[lulus] sbx_guru_biasa/guru/Sakit/2026-06-01..2026-06-15/year count=0 service+screen+CSV+print
[lulus] sbx_guru_biasa/guru/Sakit/2026-06-01..2026-06-15/schedule count=0 service+screen+CSV+print
[lulus] sbx_guru_biasa/guru/Sakit/2026-06-01..2026-06-15/teacher count=0 service+screen+CSV+print
[lulus] sbx_guru_biasa/guru/Sakit/2026-06-08..2026-06-08/class count=0 service+screen+CSV+print
[lulus] sbx_guru_biasa/guru/Sakit/2026-06-08..2026-06-08/year count=0 service+screen+CSV+print
[lulus] sbx_guru_biasa/guru/Sakit/2026-06-08..2026-06-08/schedule count=0 service+screen+CSV+print
[lulus] sbx_guru_biasa/guru/Sakit/2026-06-08..2026-06-08/teacher count=0 service+screen+CSV+print
[lulus] sbx_guru_biasa/guru/Sakit/2026-06-16..2026-06-16/class count=0 service+screen+CSV+print
[lulus] sbx_guru_biasa/guru/Sakit/2026-06-16..2026-06-16/year count=0 service+screen+CSV+print
[lulus] sbx_guru_biasa/guru/Sakit/2026-06-16..2026-06-16/schedule count=0 service+screen+CSV+print
[lulus] sbx_guru_biasa/guru/Sakit/2026-06-16..2026-06-16/teacher count=0 service+screen+CSV+print
[lulus] sbx_guru_biasa/guru/Alpa/2026-06-01..2026-06-15/class count=0 service+screen+CSV+print
[lulus] sbx_guru_biasa/guru/Alpa/2026-06-01..2026-06-15/year count=0 service+screen+CSV+print
[lulus] sbx_guru_biasa/guru/Alpa/2026-06-01..2026-06-15/schedule count=0 service+screen+CSV+print
[lulus] sbx_guru_biasa/guru/Alpa/2026-06-01..2026-06-15/teacher count=0 service+screen+CSV+print
[lulus] sbx_guru_biasa/guru/Alpa/2026-06-08..2026-06-08/class count=0 service+screen+CSV+print
[lulus] sbx_guru_biasa/guru/Alpa/2026-06-08..2026-06-08/year count=0 service+screen+CSV+print
[lulus] sbx_guru_biasa/guru/Alpa/2026-06-08..2026-06-08/schedule count=0 service+screen+CSV+print
[lulus] sbx_guru_biasa/guru/Alpa/2026-06-08..2026-06-08/teacher count=0 service+screen+CSV+print
[lulus] sbx_guru_biasa/guru/Alpa/2026-06-16..2026-06-16/class count=0 service+screen+CSV+print
[lulus] sbx_guru_biasa/guru/Alpa/2026-06-16..2026-06-16/year count=0 service+screen+CSV+print
[lulus] sbx_guru_biasa/guru/Alpa/2026-06-16..2026-06-16/schedule count=0 service+screen+CSV+print
[lulus] sbx_guru_biasa/guru/Alpa/2026-06-16..2026-06-16/teacher count=0 service+screen+CSV+print
[lulus] sbx_guru_biasa/gabungan/Semua/2026-06-01..2026-06-15/class count=18 service+screen+CSV+print
[lulus] sbx_guru_biasa/gabungan/Semua/2026-06-01..2026-06-15/year count=18 service+screen+CSV+print
[lulus] sbx_guru_biasa/gabungan/Semua/2026-06-01..2026-06-15/schedule count=18 service+screen+CSV+print
[lulus] sbx_guru_biasa/gabungan/Semua/2026-06-01..2026-06-15/teacher count=18 service+screen+CSV+print
[lulus] sbx_guru_biasa/gabungan/Semua/2026-06-08..2026-06-08/class count=6 service+screen+CSV+print
[lulus] sbx_guru_biasa/gabungan/Semua/2026-06-08..2026-06-08/year count=6 service+screen+CSV+print
[lulus] sbx_guru_biasa/gabungan/Semua/2026-06-08..2026-06-08/schedule count=6 service+screen+CSV+print
[lulus] sbx_guru_biasa/gabungan/Semua/2026-06-08..2026-06-08/teacher count=6 service+screen+CSV+print
[lulus] sbx_guru_biasa/gabungan/Semua/2026-06-16..2026-06-16/class count=0 service+screen+CSV+print
[lulus] sbx_guru_biasa/gabungan/Semua/2026-06-16..2026-06-16/year count=0 service+screen+CSV+print
[lulus] sbx_guru_biasa/gabungan/Semua/2026-06-16..2026-06-16/schedule count=0 service+screen+CSV+print
[lulus] sbx_guru_biasa/gabungan/Semua/2026-06-16..2026-06-16/teacher count=0 service+screen+CSV+print
[lulus] sbx_guru_biasa/gabungan/Hadir/2026-06-01..2026-06-15/class count=4 service+screen+CSV+print
[lulus] sbx_guru_biasa/gabungan/Hadir/2026-06-01..2026-06-15/year count=4 service+screen+CSV+print
[lulus] sbx_guru_biasa/gabungan/Hadir/2026-06-01..2026-06-15/schedule count=4 service+screen+CSV+print
[lulus] sbx_guru_biasa/gabungan/Hadir/2026-06-01..2026-06-15/teacher count=4 service+screen+CSV+print
[lulus] sbx_guru_biasa/gabungan/Hadir/2026-06-08..2026-06-08/class count=1 service+screen+CSV+print
[lulus] sbx_guru_biasa/gabungan/Hadir/2026-06-08..2026-06-08/year count=1 service+screen+CSV+print
[lulus] sbx_guru_biasa/gabungan/Hadir/2026-06-08..2026-06-08/schedule count=1 service+screen+CSV+print
[lulus] sbx_guru_biasa/gabungan/Hadir/2026-06-08..2026-06-08/teacher count=1 service+screen+CSV+print
[lulus] sbx_guru_biasa/gabungan/Hadir/2026-06-16..2026-06-16/class count=0 service+screen+CSV+print
[lulus] sbx_guru_biasa/gabungan/Hadir/2026-06-16..2026-06-16/year count=0 service+screen+CSV+print
[lulus] sbx_guru_biasa/gabungan/Hadir/2026-06-16..2026-06-16/schedule count=0 service+screen+CSV+print
[lulus] sbx_guru_biasa/gabungan/Hadir/2026-06-16..2026-06-16/teacher count=0 service+screen+CSV+print
[lulus] sbx_guru_biasa/gabungan/Terlambat/2026-06-01..2026-06-15/class count=4 service+screen+CSV+print
[lulus] sbx_guru_biasa/gabungan/Terlambat/2026-06-01..2026-06-15/year count=4 service+screen+CSV+print
[lulus] sbx_guru_biasa/gabungan/Terlambat/2026-06-01..2026-06-15/schedule count=4 service+screen+CSV+print
[lulus] sbx_guru_biasa/gabungan/Terlambat/2026-06-01..2026-06-15/teacher count=4 service+screen+CSV+print
[lulus] sbx_guru_biasa/gabungan/Terlambat/2026-06-08..2026-06-08/class count=2 service+screen+CSV+print
[lulus] sbx_guru_biasa/gabungan/Terlambat/2026-06-08..2026-06-08/year count=2 service+screen+CSV+print
[lulus] sbx_guru_biasa/gabungan/Terlambat/2026-06-08..2026-06-08/schedule count=2 service+screen+CSV+print
[lulus] sbx_guru_biasa/gabungan/Terlambat/2026-06-08..2026-06-08/teacher count=2 service+screen+CSV+print
[lulus] sbx_guru_biasa/gabungan/Terlambat/2026-06-16..2026-06-16/class count=0 service+screen+CSV+print
[lulus] sbx_guru_biasa/gabungan/Terlambat/2026-06-16..2026-06-16/year count=0 service+screen+CSV+print
[lulus] sbx_guru_biasa/gabungan/Terlambat/2026-06-16..2026-06-16/schedule count=0 service+screen+CSV+print
[lulus] sbx_guru_biasa/gabungan/Terlambat/2026-06-16..2026-06-16/teacher count=0 service+screen+CSV+print
[lulus] sbx_guru_biasa/gabungan/Izin/2026-06-01..2026-06-15/class count=4 service+screen+CSV+print
[lulus] sbx_guru_biasa/gabungan/Izin/2026-06-01..2026-06-15/year count=4 service+screen+CSV+print
[lulus] sbx_guru_biasa/gabungan/Izin/2026-06-01..2026-06-15/schedule count=4 service+screen+CSV+print
[lulus] sbx_guru_biasa/gabungan/Izin/2026-06-01..2026-06-15/teacher count=4 service+screen+CSV+print
[lulus] sbx_guru_biasa/gabungan/Izin/2026-06-08..2026-06-08/class count=1 service+screen+CSV+print
[lulus] sbx_guru_biasa/gabungan/Izin/2026-06-08..2026-06-08/year count=1 service+screen+CSV+print
[lulus] sbx_guru_biasa/gabungan/Izin/2026-06-08..2026-06-08/schedule count=1 service+screen+CSV+print
[lulus] sbx_guru_biasa/gabungan/Izin/2026-06-08..2026-06-08/teacher count=1 service+screen+CSV+print
[lulus] sbx_guru_biasa/gabungan/Izin/2026-06-16..2026-06-16/class count=0 service+screen+CSV+print
[lulus] sbx_guru_biasa/gabungan/Izin/2026-06-16..2026-06-16/year count=0 service+screen+CSV+print
[lulus] sbx_guru_biasa/gabungan/Izin/2026-06-16..2026-06-16/schedule count=0 service+screen+CSV+print
[lulus] sbx_guru_biasa/gabungan/Izin/2026-06-16..2026-06-16/teacher count=0 service+screen+CSV+print
[lulus] sbx_guru_biasa/gabungan/Sakit/2026-06-01..2026-06-15/class count=3 service+screen+CSV+print
[lulus] sbx_guru_biasa/gabungan/Sakit/2026-06-01..2026-06-15/year count=3 service+screen+CSV+print
[lulus] sbx_guru_biasa/gabungan/Sakit/2026-06-01..2026-06-15/schedule count=3 service+screen+CSV+print
[lulus] sbx_guru_biasa/gabungan/Sakit/2026-06-01..2026-06-15/teacher count=3 service+screen+CSV+print
[lulus] sbx_guru_biasa/gabungan/Sakit/2026-06-08..2026-06-08/class count=1 service+screen+CSV+print
[lulus] sbx_guru_biasa/gabungan/Sakit/2026-06-08..2026-06-08/year count=1 service+screen+CSV+print
[lulus] sbx_guru_biasa/gabungan/Sakit/2026-06-08..2026-06-08/schedule count=1 service+screen+CSV+print
[lulus] sbx_guru_biasa/gabungan/Sakit/2026-06-08..2026-06-08/teacher count=1 service+screen+CSV+print
[lulus] sbx_guru_biasa/gabungan/Sakit/2026-06-16..2026-06-16/class count=0 service+screen+CSV+print
[lulus] sbx_guru_biasa/gabungan/Sakit/2026-06-16..2026-06-16/year count=0 service+screen+CSV+print
[lulus] sbx_guru_biasa/gabungan/Sakit/2026-06-16..2026-06-16/schedule count=0 service+screen+CSV+print
[lulus] sbx_guru_biasa/gabungan/Sakit/2026-06-16..2026-06-16/teacher count=0 service+screen+CSV+print
[lulus] sbx_guru_biasa/gabungan/Alpa/2026-06-01..2026-06-15/class count=3 service+screen+CSV+print
[lulus] sbx_guru_biasa/gabungan/Alpa/2026-06-01..2026-06-15/year count=3 service+screen+CSV+print
[lulus] sbx_guru_biasa/gabungan/Alpa/2026-06-01..2026-06-15/schedule count=3 service+screen+CSV+print
[lulus] sbx_guru_biasa/gabungan/Alpa/2026-06-01..2026-06-15/teacher count=3 service+screen+CSV+print
[lulus] sbx_guru_biasa/gabungan/Alpa/2026-06-08..2026-06-08/class count=1 service+screen+CSV+print
[lulus] sbx_guru_biasa/gabungan/Alpa/2026-06-08..2026-06-08/year count=1 service+screen+CSV+print
[lulus] sbx_guru_biasa/gabungan/Alpa/2026-06-08..2026-06-08/schedule count=1 service+screen+CSV+print
[lulus] sbx_guru_biasa/gabungan/Alpa/2026-06-08..2026-06-08/teacher count=1 service+screen+CSV+print
[lulus] sbx_guru_biasa/gabungan/Alpa/2026-06-16..2026-06-16/class count=0 service+screen+CSV+print
[lulus] sbx_guru_biasa/gabungan/Alpa/2026-06-16..2026-06-16/year count=0 service+screen+CSV+print
[lulus] sbx_guru_biasa/gabungan/Alpa/2026-06-16..2026-06-16/schedule count=0 service+screen+CSV+print
[lulus] sbx_guru_biasa/gabungan/Alpa/2026-06-16..2026-06-16/teacher count=0 service+screen+CSV+print
Total matriks laporan: 432 lulus, 0 gagal
