[lulus] santri/css semua identitas, tanggal, jenis, status PDF sama dengan oracle
[lulus] santri/css kata status tidak terpotong antarbaris
[lulus] santri/css jumlah fisik dan nomor halaman sesuai
[lulus] santri/css isi berada dalam margin cetak
[lulus] santri/css kontrol layar dan sidebar tidak tercetak
[lulus] santri/lanskap semua identitas, tanggal, jenis, status PDF sama dengan oracle
[lulus] santri/lanskap kata status tidak terpotong antarbaris
[lulus] santri/lanskap jumlah fisik dan nomor halaman sesuai
[lulus] santri/lanskap isi berada dalam margin cetak
[lulus] santri/lanskap kontrol layar dan sidebar tidak tercetak
[lulus] santri/potret semua identitas, tanggal, jenis, status PDF sama dengan oracle
[lulus] santri/potret kata status tidak terpotong antarbaris
[lulus] santri/potret jumlah fisik dan nomor halaman sesuai
[lulus] santri/potret isi berada dalam margin cetak
[lulus] santri/potret kontrol layar dan sidebar tidak tercetak
[lulus] guru/css semua identitas, tanggal, jenis, status PDF sama dengan oracle
[lulus] guru/css kata status tidak terpotong antarbaris
[lulus] guru/css jumlah fisik dan nomor halaman sesuai
[lulus] guru/css isi berada dalam margin cetak
[lulus] guru/css kontrol layar dan sidebar tidak tercetak
[lulus] guru/lanskap semua identitas, tanggal, jenis, status PDF sama dengan oracle
[lulus] guru/lanskap kata status tidak terpotong antarbaris
[lulus] guru/lanskap jumlah fisik dan nomor halaman sesuai
[lulus] guru/lanskap isi berada dalam margin cetak
[lulus] guru/lanskap kontrol layar dan sidebar tidak tercetak
[lulus] guru/potret semua identitas, tanggal, jenis, status PDF sama dengan oracle
[lulus] guru/potret kata status tidak terpotong antarbaris
[lulus] guru/potret jumlah fisik dan nomor halaman sesuai
[lulus] guru/potret isi berada dalam margin cetak
[lulus] guru/potret kontrol layar dan sidebar tidak tercetak
[lulus] gabungan/css semua identitas, tanggal, jenis, status PDF sama dengan oracle
[lulus] gabungan/css kata status tidak terpotong antarbaris
[lulus] gabungan/css jumlah fisik dan nomor halaman sesuai
[lulus] gabungan/css isi berada dalam margin cetak
[lulus] gabungan/css kontrol layar dan sidebar tidak tercetak
[lulus] gabungan/lanskap semua identitas, tanggal, jenis, status PDF sama dengan oracle
[lulus] gabungan/lanskap kata status tidak terpotong antarbaris
[lulus] gabungan/lanskap jumlah fisik dan nomor halaman sesuai
[lulus] gabungan/lanskap isi berada dalam margin cetak
[lulus] gabungan/lanskap kontrol layar dan sidebar tidak tercetak
[lulus] gabungan/potret semua identitas, tanggal, jenis, status PDF sama dengan oracle
[lulus] gabungan/potret kata status tidak terpotong antarbaris
[lulus] gabungan/potret jumlah fisik dan nomor halaman sesuai
[lulus] gabungan/potret isi berada dalam margin cetak
[lulus] gabungan/potret kontrol layar dan sidebar tidak tercetak
Total matriks PDF: 45 lulus, 0 gagal
